// Jest Snapshot v1, https://goo.gl/fbAQLP

exports[`EmptyState matches snapshot 1`] = `
<View
  style={
    {
      "alignItems": "center",
      "flex": 1,
      "justifyContent": "center",
    }
  }
>
  <Icon
    color="#00897B"
    icon={
      {
        "icon": [
          576,
          512,
          [
            128008,
          ],
          "f6be",
          "M64 96c53 0 96 43 96 96l0 85.8c29.7-44.7 77.8-76.2 133.4-84 25.6 60 85.2 102.1 154.6 102.1 10.9 0 21.6-1.1 32-3.1L480 480c0 17.7-14.3 32-32 32s-32-14.3-32-32l0-140.8-136 108.8 56 0c17.7 0 32 14.3 32 32s-14.3 32-32 32l-144 0c-53 0-96-43-96-96l0-224c0-16.6-12.6-30.2-28.7-31.8l-6.6-.3C44.6 158.2 32 144.6 32 128 32 110.3 46.3 96 64 96zM533.8 3.2C544.2-5.5 560 1.9 560 15.5L560 128c0 61.9-50.1 112-112 112S336 189.9 336 128l0-112.5c0-13.6 15.8-21 26.2-12.3L416 48 480 48 533.8 3.2zM400 108a20 20 0 1 0 0 40 20 20 0 1 0 0-40zm96 0a20 20 0 1 0 0 40 20 20 0 1 0 0-40z",
        ],
        "iconName": "cat",
        "prefix": "fas",
      }
    }
    size={150}
  />
  <Text
    style={
      {
        "color": "#111827",
        "fontSize": 22,
        "fontWeight": "800",
        "marginTop": 20,
        "textAlign": "center",
      }
    }
  >
    No Cats Yet
  </Text>
  <Text
    style={
      {
        "color": "#777",
        "fontSize": 18,
        "marginTop": 10,
        "textAlign": "center",
      }
    }
  >
    Upload your first furry friend
  </Text>
  <View
    accessibilityState={
      {
        "busy": undefined,
        "checked": undefined,
        "disabled": undefined,
        "expanded": undefined,
        "selected": undefined,
      }
    }
    accessibilityValue={
      {
        "max": undefined,
        "min": undefined,
        "now": undefined,
        "text": undefined,
      }
    }
    accessible={true}
    collapsable={false}
    focusable={true}
    onClick={[Function]}
    onResponderGrant={[Function]}
    onResponderMove={[Function]}
    onResponderRelease={[Function]}
    onResponderTerminate={[Function]}
    onResponderTerminationRequest={[Function]}
    onStartShouldSetResponder={[Function]}
    style={
      {
        "alignItems": "center",
        "backgroundColor": "#00897B",
        "borderRadius": 40,
        "elevation": 4,
        "flexDirection": "row",
        "justifyContent": "center",
        "marginTop": 40,
        "opacity": 1,
        "paddingHorizontal": 28,
        "paddingVertical": 16,
      }
    }
  >
    <Icon
      color="#FFF"
      icon={
        {
          "icon": [
            448,
            512,
            [],
            "f093",
            "M256 109.3L256 320c0 17.7-14.3 32-32 32s-32-14.3-32-32l0-210.7-41.4 41.4c-12.5 12.5-32.8 12.5-45.3 0s-12.5-32.8 0-45.3l96-96c12.5-12.5 32.8-12.5 45.3 0l96 96c12.5 12.5 12.5 32.8 0 45.3s-32.8 12.5-45.3 0L256 109.3zM224 400c44.2 0 80-35.8 80-80l80 0c35.3 0 64 28.7 64 64l0 32c0 35.3-28.7 64-64 64L64 480c-35.3 0-64-28.7-64-64l0-32c0-35.3 28.7-64 64-64l80 0c0 44.2 35.8 80 80 80zm144 24a24 24 0 1 0 0-48 24 24 0 1 0 0 48z",
          ],
          "iconName": "upload",
          "prefix": "fas",
        }
      }
      size={24}
    />
    <Text
      style={
        {
          "color": "#FFF",
          "fontSize": 20,
          "fontWeight": "700",
          "marginLeft": 10,
        }
      }
    >
      Upload a Cat
    </Text>
  </View>
</View>
`;
